[2025-06-10 09:27:49] [INFO] Direct file logging test
